e:\sm_vita-dac\main_course\c++ programming\programming_codes\day-6\add.assignment\add.assignment\x64\debug\vc143.pdb
e:\sm_vita-dac\main_course\c++ programming\programming_codes\day-6\add.assignment\add.assignment\x64\debug\vc143.idb
e:\sm_vita-dac\main_course\c++ programming\programming_codes\day-6\add.assignment\add.assignment\x64\debug\ques7.obj
e:\sm_vita-dac\main_course\c++ programming\programming_codes\day-6\add.assignment\add.assignment\x64\debug\ques6.obj
e:\sm_vita-dac\main_course\c++ programming\programming_codes\day-6\add.assignment\add.assignment\x64\debug\ques5.obj
e:\sm_vita-dac\main_course\c++ programming\programming_codes\day-6\add.assignment\add.assignment\x64\debug\ques4.obj
e:\sm_vita-dac\main_course\c++ programming\programming_codes\day-6\add.assignment\add.assignment\x64\debug\ques3.obj
e:\sm_vita-dac\main_course\c++ programming\programming_codes\day-6\add.assignment\add.assignment\x64\debug\ques2.obj
e:\sm_vita-dac\main_course\c++ programming\programming_codes\day-6\add.assignment\add.assignment\x64\debug\ques1.obj
e:\sm_vita-dac\main_course\c++ programming\programming_codes\day-6\add.assignment\add.assignment\x64\debug\add.assignment.ilk
e:\sm_vita-dac\main_course\c++ programming\programming_codes\day-6\add.assignment\x64\debug\add.assignment.pdb
e:\sm_vita-dac\main_course\c++ programming\programming_codes\day-6\add.assignment\add.assignment\x64\debug\add.assignment.tlog\cl.command.1.tlog
e:\sm_vita-dac\main_course\c++ programming\programming_codes\day-6\add.assignment\add.assignment\x64\debug\add.assignment.tlog\cl.items.tlog
e:\sm_vita-dac\main_course\c++ programming\programming_codes\day-6\add.assignment\add.assignment\x64\debug\add.assignment.tlog\cl.read.1.tlog
e:\sm_vita-dac\main_course\c++ programming\programming_codes\day-6\add.assignment\add.assignment\x64\debug\add.assignment.tlog\cl.write.1.tlog
e:\sm_vita-dac\main_course\c++ programming\programming_codes\day-6\add.assignment\add.assignment\x64\debug\add.assignment.tlog\link.1744-cvtres.read.1.tlog
e:\sm_vita-dac\main_course\c++ programming\programming_codes\day-6\add.assignment\add.assignment\x64\debug\add.assignment.tlog\link.1744-cvtres.write.1.tlog
e:\sm_vita-dac\main_course\c++ programming\programming_codes\day-6\add.assignment\add.assignment\x64\debug\add.assignment.tlog\link.1744-rc.read.1.tlog
e:\sm_vita-dac\main_course\c++ programming\programming_codes\day-6\add.assignment\add.assignment\x64\debug\add.assignment.tlog\link.1744-rc.write.1.tlog
e:\sm_vita-dac\main_course\c++ programming\programming_codes\day-6\add.assignment\add.assignment\x64\debug\add.assignment.tlog\link.1744.read.1.tlog
e:\sm_vita-dac\main_course\c++ programming\programming_codes\day-6\add.assignment\add.assignment\x64\debug\add.assignment.tlog\link.1744.read.2.tlog
e:\sm_vita-dac\main_course\c++ programming\programming_codes\day-6\add.assignment\add.assignment\x64\debug\add.assignment.tlog\link.1744.write.1.tlog
e:\sm_vita-dac\main_course\c++ programming\programming_codes\day-6\add.assignment\add.assignment\x64\debug\add.assignment.tlog\link.command.1.tlog
e:\sm_vita-dac\main_course\c++ programming\programming_codes\day-6\add.assignment\add.assignment\x64\debug\add.assignment.tlog\link.read.1.tlog
e:\sm_vita-dac\main_course\c++ programming\programming_codes\day-6\add.assignment\add.assignment\x64\debug\add.assignment.tlog\link.secondary.1.tlog
e:\sm_vita-dac\main_course\c++ programming\programming_codes\day-6\add.assignment\add.assignment\x64\debug\add.assignment.tlog\link.write.1.tlog
